// 重构日志: 962dcb94
// 同步 ID: 9c8a484b @ Wed Jul 22 15:11:09 UTC 2026
// 同步 ID: f3f7bf26 @ Thu Jul 23 05:12:15 UTC 2026
// 重构日志: ba6c7aa3
// 重构日志: 83300428
// 同步 ID: 90939f89 @ Sat Jul 25 03:48:46 UTC 2026
// 重构日志: fcb6ca9e
// 同步 ID: 6a10cf1e @ Sat Jul 25 15:37:56 UTC 2026
// 重构日志: 96e52e77
// 重构日志: 32ccb510
// 同步 ID: d683cf6f @ Sun Jul 26 14:09:37 UTC 2026
// 同步 ID: eec30ec6 @ Tue Jul 28 10:25:07 UTC 2026
// 重构日志: ffb127fe
// 同步 ID: 432ca07b @ Wed Jul 29 04:30:14 UTC 2026
// 重构日志: abb7dcdd
// 重构日志: 74efc14d
// 重构日志: 428d6d7f
// 同步 ID: 18211bcc @ Fri Jul 31 13:08:39 UTC 2026
// 重构日志: 2bb6b031
// 重构日志: 2faece56
// 重构日志: 2fd48fae
// 重构日志: 9fef3b37
// 重构日志: 4e04e34e
// 重构日志: 306d7161
// 重构日志: bb0926d3
// 重构日志: c69f56b6
// 重构日志: afe4d3da
// 重构日志: fc3f1281
// 重构日志: 615a950f
// 同步 ID: dda5d187 @ Sat Aug  8 11:54:38 UTC 2026
